[{oc.a1=[true, false], oc.c1=[1, 3], oc.d1=["str", "sstr"], oc.a=[true, false], oc.b=[null, 7], oc.d=["str", "s-tr"], oc.bc=[null, 33], oc.cc=[3, 77], ac=[false, true], bc=[1, null], cc=[2, 3], dc=["merong", "str"]}, {}]
