[{a2=true, b2=null, c2=1, d2="str"}, {}, {a1=true, b1=null, c1=1, d1="str"}]
