

OE1:
L: {}
R: <none>

AE1:
L: []
R: <none>

oc.a:
L: true
R: false

a1:
L: true
R: <none>

O.oo:
L: false
R: 3

A.#0:
L: {}
R: 7

O1.oo:
L: 3
R: <none>

A1.#0:
L: 7
R: <none>

a:
L: true
R: false

OE2:
L: <none>
R: {}

AE2:
L: <none>
R: []

a2:
L: <none>
R: true

O2.oo:
L: <none>
R: 3

A2.#0:
L: <none>
R: 7
