

oc.a1:
L: true
R: false

oc.c1:
L: 1
R: 3

oc.d1:
L: "str"
R: "sstr"

oc.a:
L: true
R: false

oc.b:
L: null
R: 7

oc.d:
L: "str"
R: "s-tr"

oc.bc:
L: null
R: 33

oc.cc:
L: 3
R: 77

ac:
L: false
R: true

bc:
L: 1
R: null

cc:
L: 2
R: 3

dc:
L: "merong"
R: "str"
