{.={"a":{"a0":true,"a1":null,"a2":1,"a3":"a3","a4":{"a4A":true,"a4B":null,"a4C":1.1,"a4D":"a4D","a4E":{"a4Ea":true}}},"b":{"b0":true,"b1":null,"b2":1,"b3":"b3","b4":[[{"b4A":true,"b4B":null,"b4C":1.1,"b4D":"b4D","b4E":{}}]]},"c":{"c0":true,"c1":null,"c2":1,"c3":"c3","c4":[{"c4A":true,"c4B":null,"c4C":1.1,"c4D":"c4D","c4E":[{"c4Ea":true}]}]},"d":{"d0":true,"d1":null,"d2":1,"d3":"d3","d4":{"d4A":true,"d4B":null,"d4C":1.1,"d4D":"d4D","d4E":[{}]}}}, a={"a0":true,"a1":null,"a2":1,"a3":"a3","a4":{"a4A":true,"a4B":null,"a4C":1.1,"a4D":"a4D","a4E":{"a4Ea":true}}}, a.a0=true, a.a1=null, a.a2=1, a.a3="a3", a.a4={"a4A":true,"a4B":null,"a4C":1.1,"a4D":"a4D","a4E":{"a4Ea":true}}, a.a4.a4A=true, a.a4.a4B=null, a.a4.a4C=1.1, a.a4.a4D="a4D", a.a4.a4E={"a4Ea":true}, a.a4.a4E.a4Ea=true, b={"b0":true,"b1":null,"b2":1,"b3":"b3","b4":[[{"b4A":true,"b4B":null,"b4C":1.1,"b4D":"b4D","b4E":{}}]]}, b.b0=true, b.b1=null, b.b2=1, b.b3="b3", b.b4=[[{"b4A":true,"b4B":null,"b4C":1.1,"b4D":"b4D","b4E":{}}]], b.b4.0=[{"b4A":true,"b4B":null,"b4C":1.1,"b4D":"b4D","b4E":{}}], b.b4.0.0={"b4A":true,"b4B":null,"b4C":1.1,"b4D":"b4D","b4E":{}}, b.b4.0.0.b4A=true, b.b4.0.0.b4B=null, b.b4.0.0.b4C=1.1, b.b4.0.0.b4D="b4D", b.b4.0.0.b4E={}, c={"c0":true,"c1":null,"c2":1,"c3":"c3","c4":[{"c4A":true,"c4B":null,"c4C":1.1,"c4D":"c4D","c4E":[{"c4Ea":true}]}]}, c.c0=true, c.c1=null, c.c2=1, c.c3="c3", c.c4=[{"c4A":true,"c4B":null,"c4C":1.1,"c4D":"c4D","c4E":[{"c4Ea":true}]}], c.c4.0={"c4A":true,"c4B":null,"c4C":1.1,"c4D":"c4D","c4E":[{"c4Ea":true}]}, c.c4.0.c4A=true, c.c4.0.c4B=null, c.c4.0.c4C=1.1, c.c4.0.c4D="c4D", c.c4.0.c4E=[{"c4Ea":true}], c.c4.0.c4E.0={"c4Ea":true}, c.c4.0.c4E.0.c4Ea=true, d={"d0":true,"d1":null,"d2":1,"d3":"d3","d4":{"d4A":true,"d4B":null,"d4C":1.1,"d4D":"d4D","d4E":[{}]}}, d.d0=true, d.d1=null, d.d2=1, d.d3="d3", d.d4={"d4A":true,"d4B":null,"d4C":1.1,"d4D":"d4D","d4E":[{}]}, d.d4.d4A=true, d.d4.d4B=null, d.d4.d4C=1.1, d.d4.d4D="d4D", d.d4.d4E=[{}], d.d4.d4E.0={}}
