{
    "OE": {},
    "AE": [],
    "o": {
        "a": true,
        "b": null
    },
    "oc": {
        "b": null
    },
    "b": null
}
