
o.a1: true
o.b1: null
o.c1: 1
o.d1: "str"
o.a: true
o.b: null
o.c: 1
o.d: "str"
o.ac: true
o.bc: null
o.cc: 3
o.dc: "str"
oc.b1: null
oc.c: 1
oc.ac: true
oc.dc: "str"
a: true
b: null
c: 1
d: "str"
