
o.a1: true
o.b1: null
o.c1: 1
o.d1: "str"
o.a: true
o.b: null
o.c: 1
o.d: "str"
o.ac: true
o.bc: null
o.cc: 3
o.dc: "str"
oc.a1: false
oc.b1: null
oc.c1: 3
oc.d1: "sstr"
oc.a: false
oc.b: 7
oc.c: 1
oc.d: "s-tr"
oc.ac: true
oc.bc: 33
oc.cc: 77
oc.dc: "str"
a1: true
b1: null
c1: 1
d1: "str"
a: true
b: null
c: 1
d: "str"
ac: true
bc: null
cc: 3
dc: "str"
