
OE: {}
AE: []
OE1: {}
AE1: []
o.a: true
o.b: null
oc.a: true
oc.b: null
a1: true
O.oo: false
A.#0: {}
O1.oo: 3
A1.#0: 7
a: true
b: null
