{
    "OE": {},
    "AE": [],
    "OE2": {},
    "AE2": [],
    "o": {
        "a": true,
        "b": null
    },
    "oc": {
        "a": true,
        "b": null
    },
    "a2": true,
    "O": {
        "oo": false
    },
    "A": [
        {}
    ],
    "O2": {
        "oo": 3
    },
    "A2": [
        7
    ],
    "a": true,
    "b": null,
    "OE1": {},
    "AE1": [],
    "a1": true,
    "O1": {
        "oo": 3
    },
    "A1": [
        7
    ]
}
