{
    "o": {
        "a": true,
        "b": null
    },
    "oc": {
        "a": false,
        "b": null
    },
    "a1": true,
    "O": {
        "oo": 3
    },
    "O1": {
        "oo": 3
    },
    "A1": [
        7
    ],
    "a": false,
    "b": null,
    "a2": true,
    "A": [
        7
    ],
    "O2": {
        "oo": 3
    },
    "A2": [
        7
    ]
}
