{
    "c": false,
    "e": 0,
    "a": "hello",
    "d": 1.1,
    "b": null
}
{
    "a": "hello",
    "b": null,
    "c": false,
    "d": 1.1,
    "e": 0
}
{
    "e": 0,
    "d": 1.1,
    "c": false,
    "b": null,
    "a": "hello"
}
