{
    "OE1": {},
    "AE1": [],
    "a1": true,
    "O1": {
        "oo": 3
    },
    "A1": [
        7
    ]
}
