{
    "OE2": {},
    "AE2": [],
    "oc": {
        "a": false
    },
    "a2": true,
    "O": {
        "oo": 3
    },
    "A": [
        7
    ],
    "O2": {
        "oo": 3
    },
    "A2": [
        7
    ],
    "a": false
}
