{
    "OE1": {},
    "AE1": [],
    "oc": {
        "a": true
    },
    "a1": true,
    "O": {
        "oo": false
    },
    "A": [
        {}
    ],
    "O1": {
        "oo": 3
    },
    "A1": [
        7
    ],
    "a": true
}
