{
    "a1": true,
    "O1": {
        "oo": 3
    },
    "A1": [
        7
    ]
}
